>>> add_integer(2, 3)
5

>>> add_integer(100)
198

>>> add_integer(3.9, 2.1)
5

>>> add_integer(-5, 10)
5

>>> add_integer(3.5)
101

>>> add_integer(3, "Holberton")
Traceback (most recent call last):
TypeError: b must be an integer

>>> add_integer("School", 4)
Traceback (most recent call last):
TypeError: a must be an integer

>>> add_integer(None)
Traceback (most recent call last):
TypeError: a must be an integer

>>> add_integer(7, None)
Traceback (most recent call last):
TypeError: b must be an integer
